Evaluation pipeline: stages 3-3, split=Dev
[3] Computing latency metrics via /workspace/SAPC-template/steps/eval/evaluate_latency.sh
[latency] Using manifest CSV: /workspace/SAPC2/manifest/Dev_streaming.csv
{
  "n_utts_total": 123,
  "n_utts_with_timing": 123,
  "n_utts_with_mfa_start": 123,
  "ttft_definition": "first_non_empty_partial_or_last - (audio_send_start + mfa_speech_start)",
  "ttlt_definition": "final_visible - audio_end_oracle",
  "ttft_sec": {
    "count": 123,
    "median": 0.6377694606781006,
    "p50": 0.6377694606781006,
    "p90": 2.033714389801025,
    "p95": 2.4139828205108635
  },
  "ttlt_sec": {
    "count": 123,
    "median": 0.07372093200683594,
    "p50": 0.07372093200683594,
    "p90": 0.1325569152832031,
    "p95": 0.22090821266174315
  }
}
Done.
