Evaluation pipeline: stages 1-2, split=Dev_diag
=== Preparing reference .trn files ===
  Split:    Dev_diag
  CSV:      /workspace/SAPC2/manifest/Dev_diag.csv
  ref1-col: norm_text_with_disfluency -> /workspace/SAPC2/manifest/ref1.Dev_diag.norm.trn
  ref2-col: norm_text_without_disfluency -> /workspace/SAPC2/manifest/ref2.Dev_diag.norm.trn
  Wrote 425 utterances
=== Done ===
sclite: /workspace/SCTK/bin/sclite

--- Scoring split: Dev_diag ---
Loaded 425 predictions
Manifest has 425 entries
Matched 425 / 425 predictions
0it [00:00, ?it/s]327it [00:00, 3255.80it/s]425it [00:01, 242.69it/s] 
0it [00:00, ?it/s]425it [00:00, 5850.87it/s]
#utts: 425
WER: 0.2497  (24.97%)
CER: 0.1869  (18.69%)
Written to: /workspace/SAPC2/eval/metrics.Dev_diag.json
Done.
