Evaluation pipeline: stages 3-3, split=Dev
[3] Computing latency metrics via /workspace/SAPC-template/steps/eval/evaluate_latency.sh
[latency] Using manifest CSV: /workspace/SAPC2/manifest/Dev_streaming.csv
{
  "n_utts_total": 123,
  "n_utts_with_timing": 123,
  "n_utts_with_mfa_start": 123,
  "ttft_definition": "first_non_empty_partial_or_last - (audio_send_start + mfa_speech_start)",
  "ttlt_definition": "final_visible - audio_end_oracle",
  "ttft_sec": {
    "count": 123,
    "median": 0.926325798034668,
    "p50": 0.926325798034668,
    "p90": 1.6879879474639892,
    "p95": 2.155115008354185
  },
  "ttlt_sec": {
    "count": 123,
    "median": 0.08081507682800293,
    "p50": 0.08081507682800293,
    "p90": 0.1173936367034912,
    "p95": 0.12177960872650145
  }
}
Done.
