Evaluation pipeline: stages 3-3, split=Dev
[3] Computing latency metrics via /workspace/SAPC-template/steps/eval/evaluate_latency.sh
[latency] Using manifest CSV: /workspace/SAPC2/manifest/Dev_streaming.csv
{
  "n_utts_total": 123,
  "n_utts_with_timing": 123,
  "n_utts_with_mfa_start": 123,
  "ttft_definition": "first_non_empty_partial_or_last - (audio_send_start + mfa_speech_start)",
  "ttlt_definition": "final_visible - audio_end_oracle",
  "ttft_sec": {
    "count": 123,
    "median": 1.155177354812622,
    "p50": 1.155177354812622,
    "p90": 2.3962334156036373,
    "p95": 2.747213292121887
  },
  "ttlt_sec": {
    "count": 123,
    "median": 0.0667276382446289,
    "p50": 0.0667276382446289,
    "p90": 0.10079760551452638,
    "p95": 0.10763051509857177
  }
}
Done.
